// Jest Snapshot v1, https://goo.gl/fbAQLP

exports[`AddDoubleFields component renders correctly 1`] = `
<div
  className="j-col__item"
>
  <div>
    <div
      className="j-row"
    >
      <label
        className="j-label"
        htmlFor={undefined}
      >
        mock-title
      </label>
      <button
        className="j-control"
        onClick={[Function]}
        type="button"
      >
        <span
          aria-label={undefined}
          className="j-icon j-icon--type-add j-control__icon"
        />
      </button>
    </div>
    <div
      className="j-col__item double-fields"
    >
      <div
        className="j-row"
      >
        <div
          className={[Function]}
        >
          <input
            className="j-input"
            disabled={undefined}
            name="mock-name[0].undefined"
            onBlur={[Function]}
            onChange={[Function]}
            onDragStart={[Function]}
            onDrop={[Function]}
            onFocus={[Function]}
            placeholder={undefined}
            required={undefined}
            type={undefined}
            value=""
          />
        </div>
        <div
          className={[Function]}
        >
          <input
            className="j-input"
            disabled={undefined}
            name="mock-name[0].undefined"
            onBlur={[Function]}
            onChange={[Function]}
            onDragStart={[Function]}
            onDrop={[Function]}
            onFocus={[Function]}
            placeholder={undefined}
            required={undefined}
            type={undefined}
            value=""
          />
        </div>
        <div
          className="j-row__control"
        >
          <button
            className="j-control"
            onClick={[Function]}
            type="button"
          >
            <span
              aria-label={undefined}
              className="j-icon j-icon--type-remove j-control__icon"
            />
          </button>
        </div>
      </div>
    </div>
    <div
      className="j-col__item double-fields"
    >
      <div
        className="j-row"
      >
        <div
          className={[Function]}
        >
          <input
            className="j-input"
            disabled={undefined}
            name="mock-name[1].undefined"
            onBlur={[Function]}
            onChange={[Function]}
            onDragStart={[Function]}
            onDrop={[Function]}
            onFocus={[Function]}
            placeholder={undefined}
            required={undefined}
            type={undefined}
            value=""
          />
        </div>
        <div
          className={[Function]}
        >
          <input
            className="j-input"
            disabled={undefined}
            name="mock-name[1].undefined"
            onBlur={[Function]}
            onChange={[Function]}
            onDragStart={[Function]}
            onDrop={[Function]}
            onFocus={[Function]}
            placeholder={undefined}
            required={undefined}
            type={undefined}
            value=""
          />
        </div>
        <div
          className="j-row__control"
        >
          <button
            className="j-control"
            onClick={[Function]}
            type="button"
          >
            <span
              aria-label={undefined}
              className="j-icon j-icon--type-remove j-control__icon"
            />
          </button>
        </div>
      </div>
    </div>
  </div>
</div>
`;
