// Jest Snapshot v1, https://goo.gl/fbAQLP

exports[`NoSearchResults component renders correctly 1`] = `
<div
  className="info-panel j-pane"
>
  <p
    style={
      Object {
        "fontSize": 50,
        "fontWeight": 300,
      }
    }
  >
    â˜¹
  </p>
  <p
    className="info-panel__text"
  >
    Nothing found
  </p>
</div>
`;
