// Jest Snapshot v1, https://goo.gl/fbAQLP

exports[`Hint component renders correctly 1`] = `
<div
  className="j-hint"
>
  mock-text
</div>
`;
